// Jest Snapshot v1, https://goo.gl/fbAQLP

exports[`Error it renders an error message 1`] = `
<div>
  <div
    class="relative rounded border border-red-500 bg-red-500 px-4 py-3 text-white"
    role="alert"
  >
    <span
      class="block sm:inline"
    >
      Not Found
    </span>
  </div>
</div>
`;
